# copy this file to .env and fill in the values
export AWS_ACCESS_KEY_ID="here_AWS_ACCESS_KEY_ID"
export AWS_SECRET_ACCESS_KEY="here_AWS_SECRET_ACCESS_KEY"